交叉编译过程记录

1、交叉编译链的制作
参考：https://zhuanlan.zhihu.com/p/258394849

（1）riscv-gnu-toolchain下载
$  git clone https://gitee.com/mirrors/riscv-gnu-toolchain
 
$ cd riscv-gnu-toolchain
$git rm qemu
$git submodule update --init --recursive
（不知道为什么这一部很慢，出错）

出错记录：
fatal: unable to access 'https://github.com/riscv-software-src/riscv-isa-sim.git/': GnuTLS recv error (-54): Error in the pull function.
fatal: clone of 'https://github.com/riscv-software-src/riscv-isa-sim.git' into submodule path '/home/jiang/riscv64-linux/riscv-gnu-toolchain/spike' failed
Failed to clone 'spike'. Retry scheduled
Cloning into '/home/jiang/riscv64-linux/riscv-gnu-toolchain/spike'...
fatal: unable to access 'https://github.com/riscv-software-src/riscv-isa-sim.git/': Failed to connect to github.com port 443 after 21017 ms: Connection refused
fatal: clone of 'https://github.com/riscv-software-src/riscv-isa-sim.git' into submodule path '/home/jiang/riscv64-linux/riscv-gnu-toolchain/spike' failed
Failed to clone 'spike' a second time, aborting

网问题？




（2）编译Linux交叉工具链
$ ./configure --prefix=/opt/riscv64 
$ sudo make linux -j $(nproc)
$ export PATH="$PATH:/opt/riscv64/bin"

(3)测试是否成功
$ riscv64-unknown-linux-gnu-gcc -v

2、parsec 编译选项更改
run_parsec.sh文件 arch
